
[1m[46m RUN [49m[22m [36mv3.2.4 [39m[90mD:/codesPlayground/opensource/talawa-admin[39m
      [2mCoverage enabled with [22m[33mistanbul[39m

node.exe : [baseline-
browser-mapping] The 
data in this module 
is over two months 
old.  To ensure 
accurate Baseline 
data, please update: 
`npm i baseline-brows
er-mapping@latest -D`
At C:\Users\adit7\App
Data\Roaming\npm\pnpm
.ps1:24 char:5
+     & "node$exe"  "
$basedir/node_modules
/pnpm/bin/pnpm.cjs" 
$args
+     ~~~~~~~~~~~~~~~
~~~~~~~~~~~~~~~~~~~~~
~~~~~~~~~~~~~~~~~~~~~
~~~~
    + CategoryInfo   
           : 
NotSpecifi    ed: 
([baseline-bro    
ws...ping@latest -   
 D`:String) [], Rem  
  oteException
    + 
FullyQualifiedEr    
rorId : NativeComm   
 andError
 

[31mΓÄ»ΓÄ»ΓÄ»ΓÄ»ΓÄ»Γ
Ä»[39m[1m[41m 
Failed Suites 1 [49m
[22m[31mΓÄ»ΓÄ»ΓÄ»ΓÄ
»ΓÄ»ΓÄ»ΓÄ»[39m

[41m[1m FAIL 
[22m[49m src/utils/
volunteerStatusMapper
.spec.ts[2m [ src/ut
ils/volunteerStatusMa
pper.spec.ts ][22m
[31m[1mError[22m: 
Failed to resolve 
import "@testing-libr
ary/react" from 
"vitest.setup.ts". 
Does the file 
exist?[39m
  Plugin: [35mvite:i
mport-analysis[39m
  File: [36mD:/codes
Playground/opensource
/talawa-admin/vitest.
setup.ts[39m:2:24
[33m  1  |  import 
{ TextEncoder, 
TextDecoder } from 
"util";
  2  |  import { 
cleanup } from "@test
ing-library/react";
     |               
            ^
  3  |  import { 
afterAll, afterEach, 
beforeAll, 
beforeEach, vi } 
from "vitest";
  4  |  import "@test
ing-library/jest-dom/
vitest";[39m
[90m [2mΓ¥»[22m Tr
ansformPluginContext.
_formatLog node_modul
es/.pnpm/vite@7.2.4_@
types+node@24.1_9332b
a0586455cae33877f3060
d0afc4/node_modules/v
ite/dist/node/chunks/
config.js:[2m29647:4
3[22m[39m
[90m [2mΓ¥»[22m Tr
ansformPluginContext.
error node_modules/.p
npm/vite@7.2.4_@types
+node@24.1_9332ba0586
455cae33877f3060d0afc
4/node_modules/vite/d
ist/node/chunks/confi
g.js:[2m29644:14[22
m[39m
[90m [2mΓ¥»[22m 
normalizeUrl node_mod
ules/.pnpm/vite@7.2.4
_@types+node@24.1_933
2ba0586455cae33877f30
60d0afc4/node_modules
/vite/dist/node/chunk
s/config.js:[2m27767
:18[22m[39m
[90m [2mΓ¥»[22m no
de_modules/.pnpm/vite
@7.2.4_@types+node@24
.1_9332ba0586455cae33
877f3060d0afc4/node_m
odules/vite/dist/node
/chunks/config.js:[2
m27825:32[22m[39m
[90m [2mΓ¥»[22m Tr
ansformPluginContext.
transform node_module
s/.pnpm/vite@7.2.4_@t
ypes+node@24.1_9332ba
0586455cae33877f3060d
0afc4/node_modules/vi
te/dist/node/chunks/c
onfig.js:[2m27793:4
[22m[39m
[90m [2mΓ¥»[22m En
vironmentPluginContai
ner.transform node_mo
dules/.pnpm/vite@7.2.
4_@types+node@24.1_93
32ba0586455cae33877f3
060d0afc4/node_module
s/vite/dist/node/chun
ks/config.js:[2m2944
5:14[22m[39m
[90m [2mΓ¥»[22m 
loadAndTransform node
_modules/.pnpm/vite@7
.2.4_@types+node@24.1
_9332ba0586455cae3387
7f3060d0afc4/node_mod
ules/vite/dist/node/c
hunks/config.js:[2m2
3316:26[22m[39m

[31m[2mΓÄ»ΓÄ»ΓÄ»ΓÄ»
ΓÄ»ΓÄ»ΓÄ»ΓÄ»ΓÄ»ΓÄ»ΓÄ»
ΓÄ»ΓÄ»ΓÄ»ΓÄ»ΓÄ»ΓÄ»ΓÄ»
ΓÄ»ΓÄ»ΓÄ»ΓÄ»ΓÄ»ΓÄ»[1/
1]ΓÄ»[22m[39m


[2m Test Files [22m [1m[31m1 failed[39m[22m[90m (1)[39m
[2m      Tests [22m [2mno tests[22m
[2m   Start at [22m 18:26:55
[2m   Duration [22m 14.09s[2m (transform 19ms, setup 0ms, collect 0ms, tests 0ms, environment 874ms, prepare 145ms)[22m

